// Jest Snapshot v1, https://goo.gl/fbAQLP

exports[`Geolocation Auto Complete Address should transform a Google address to a Checkout address 1`] = `
Object {
  "addressId": Object {
    "value": "1",
  },
  "addressQuery": Object {
    "geolocationAutoCompleted": true,
    "value": "R. Barão de Itambí, 55 - Botafogo, Rio de Janeiro - RJ, Brasil",
  },
  "addressType": Object {
    "value": "residential",
  },
  "city": Object {
    "geolocationAutoCompleted": true,
    "value": "Rio de Janeiro",
  },
  "complement": Object {
    "geolocationAutoCompleted": false,
    "value": null,
  },
  "country": Object {
    "geolocationAutoCompleted": true,
    "value": "BRA",
  },
  "geoCoordinates": Object {
    "geolocationAutoCompleted": true,
    "value": Array [
      -43.18075109999995,
      -22.941129,
    ],
    "visited": true,
  },
  "neighborhood": Object {
    "geolocationAutoCompleted": true,
    "value": "Botafogo",
  },
  "number": Object {
    "geolocationAutoCompleted": true,
    "notApplicable": true,
    "value": "55",
  },
  "postalCode": Object {
    "geolocationAutoCompleted": true,
    "value": "22231000",
  },
  "receiverName": Object {
    "focus": true,
    "geolocationAutoCompleted": undefined,
    "reason": "ERROR_EMPTY_FIELD",
    "valid": false,
    "value": null,
    "valueOptions": undefined,
  },
  "reference": Object {
    "geolocationAutoCompleted": false,
    "value": null,
  },
  "state": Object {
    "geolocationAutoCompleted": true,
    "value": "RJ",
  },
  "street": Object {
    "geolocationAutoCompleted": true,
    "value": "Rua Barão de Itambí",
  },
}
`;
